RAM Allocation [bytes]
Variable                                                                          Address   Size
------------------------------------------------------------------------------------------------
alpha                                                                             0x0270      17
number_string                                                                     0x0281      32
last_operation                                                                    0x02A1       1
_base_y                                                                           0x02A2       4
_lcd_x                                                                            0x02A6       1
_lcd_y                                                                            0x02A7       1
_lcd_maxx                                                                         0x02A8       1

EEPROM Allocation [bytes]
Variable                                                                          Address   Size
------------------------------------------------------------------------------------------------

Register Allocation
Variable                                                                          Register  Size
------------------------------------------------------------------------------------------------
number1                                                                           R4,R5        2
number2                                                                           R6,R7        2
column                                                                            R8,R9        2
key                                                                               R10,R11      2
temp                                                                              R12,R13      2

FLASH Allocation [words]
Function                                                                          Address   Size
------------------------------------------------------------------------------------------------
KEY_PRESS                                                                         0x00088    188
main                                                                              0x00144     18
calc                                                                              0x00156     62
_lcd_write_nibble_G100                                                            0x00194     20
_lcd_write_data                                                                   0x001A8     12
lcd_gotoxy                                                                        0x001B4     17
lcd_clear                                                                         0x001C5     14
lcd_putchar                                                                       0x001D3     32
lcd_puts                                                                          0x001F3     17
lcd_init                                                                          0x00204     46
put_buff_G101                                                                     0x00232     64
_print_G101                                                                       0x00272    308
sprintf                                                                           0x003A6     52
strlen                                                                            0x003DA     12
strlenf                                                                           0x003E6     13
